// Vitest Snapshot v1, https://vitest.dev/guide/snapshot.html

exports[`ansi 7`] = `[TypeError: text]`;
